###############################################################################
#
# IAR ELF Linker V7.70.1.11437/W32 for ARM                16/Jan/2017  10:40:03
# Copyright 2007-2016 IAR Systems AB.
#
#    Output file  =  C:\Projetos\FIT\fit_rng\EWARM\fit_rng\Exe\fit_rng.out
#    Map file     =  C:\Projetos\FIT\fit_rng\EWARM\fit_rng\List\fit_rng.map
#    Command line =  
#        C:\Projetos\FIT\fit_rng\EWARM\fit_rng\Obj\gpio.o
#        C:\Projetos\FIT\fit_rng\EWARM\fit_rng\Obj\main.o
#        C:\Projetos\FIT\fit_rng\EWARM\fit_rng\Obj\rng.o
#        C:\Projetos\FIT\fit_rng\EWARM\fit_rng\Obj\startup_stm32f429xx.o
#        C:\Projetos\FIT\fit_rng\EWARM\fit_rng\Obj\stm32f4xx_hal.o
#        C:\Projetos\FIT\fit_rng\EWARM\fit_rng\Obj\stm32f4xx_hal_cortex.o
#        C:\Projetos\FIT\fit_rng\EWARM\fit_rng\Obj\stm32f4xx_hal_dma.o
#        C:\Projetos\FIT\fit_rng\EWARM\fit_rng\Obj\stm32f4xx_hal_dma_ex.o
#        C:\Projetos\FIT\fit_rng\EWARM\fit_rng\Obj\stm32f4xx_hal_flash.o
#        C:\Projetos\FIT\fit_rng\EWARM\fit_rng\Obj\stm32f4xx_hal_flash_ex.o
#        C:\Projetos\FIT\fit_rng\EWARM\fit_rng\Obj\stm32f4xx_hal_flash_ramfunc.o
#        C:\Projetos\FIT\fit_rng\EWARM\fit_rng\Obj\stm32f4xx_hal_gpio.o
#        C:\Projetos\FIT\fit_rng\EWARM\fit_rng\Obj\stm32f4xx_hal_msp.o
#        C:\Projetos\FIT\fit_rng\EWARM\fit_rng\Obj\stm32f4xx_hal_pwr.o
#        C:\Projetos\FIT\fit_rng\EWARM\fit_rng\Obj\stm32f4xx_hal_pwr_ex.o
#        C:\Projetos\FIT\fit_rng\EWARM\fit_rng\Obj\stm32f4xx_hal_rcc.o
#        C:\Projetos\FIT\fit_rng\EWARM\fit_rng\Obj\stm32f4xx_hal_rcc_ex.o
#        C:\Projetos\FIT\fit_rng\EWARM\fit_rng\Obj\stm32f4xx_hal_rng.o
#        C:\Projetos\FIT\fit_rng\EWARM\fit_rng\Obj\stm32f4xx_hal_tim.o
#        C:\Projetos\FIT\fit_rng\EWARM\fit_rng\Obj\stm32f4xx_hal_tim_ex.o
#        C:\Projetos\FIT\fit_rng\EWARM\fit_rng\Obj\stm32f4xx_hal_uart.o
#        C:\Projetos\FIT\fit_rng\EWARM\fit_rng\Obj\stm32f4xx_it.o
#        C:\Projetos\FIT\fit_rng\EWARM\fit_rng\Obj\system_stm32f4xx.o
#        C:\Projetos\FIT\fit_rng\EWARM\fit_rng\Obj\usart.o --redirect
#        _Printf=_PrintfFull --redirect _Scanf=_ScanfFull -o
#        C:\Projetos\FIT\fit_rng\EWARM\fit_rng\Exe\fit_rng.out --map
#        C:\Projetos\FIT\fit_rng\EWARM\fit_rng\List\fit_rng.map --config
#        C:\Projetos\FIT\fit_rng\EWARM/stm32f429xx_flash.icf --semihosting
#        --entry __iar_program_start --vfe
#
###############################################################################

*******************************************************************************
*** RUNTIME MODEL ATTRIBUTES
***

CppFlavor                     = *
__Heap_Handler                = Basic
__SystemLibrary               = DLib
__dlib_dynamic_initialization = normal


*******************************************************************************
*** PLACEMENT SUMMARY
***

"A0":  place at 0x08000000 { ro section .intvec };
"P1":  place in [from 0x08000000 to 0x081fffff] { ro };
"P2":  place in [from 0x20000000 to 0x2002ffff] { rw, block CSTACK, block HEAP };
initialize by copy { rw };

  Section             Kind        Address    Size  Object
  -------             ----        -------    ----  ------
"A0":                                       0x1ac
  .intvec             ro code  0x08000000   0x1ac  startup_stm32f429xx.o [1]
                             - 0x080001ac   0x1ac

"P1":                                      0x327f
  .text               ro code  0x080001ac  0x118a  xprintffull.o [3]
  .text               ro code  0x08001336    0x20  xmbtowc.o [3]
  .text               ro code  0x08001358    0x16  strchr.o [5]
  .text               ro code  0x08001370    0x36  strlen.o [5]
  .text               ro code  0x080013a8    0x58  memchr.o [5]
  .text               ro code  0x08001400     0xa  xmbcurmax.o [3]
  .text               ro code  0x0800140c    0xb0  xxmemxmalloc.o [3]
  .text               ro code  0x080014bc    0x1a  xwctomb.o [3]
  .text               ro code  0x080014d8    0x76  ABImemcpy_unaligned.o [5]
  .text               ro code  0x08001550    0x80  xxmemxfree.o [3]
  .text               ro code  0x080015d0    0xee  I64DivMod.o [5]
  .text               ro code  0x080016be    0x44  xdnorm.o [4]
  .text               ro code  0x08001704    0x2e  DblCmpLe.o [4]
  .text               ro code  0x08001734    0x2e  DblCmpGe.o [4]
  .text               ro code  0x08001764   0x114  xdscale.o [4]
  .text               ro code  0x08001878    0x58  DblToI32.o [4]
  .text               ro code  0x080018d0    0x30  I32ToDbl.o [4]
  .text               ro code  0x08001900   0x180  DblSub.o [4]
  .text               ro code  0x08001a80   0x1a2  DblMul.o [4]
  .text               ro code  0x08001c24   0x256  DblDiv.o [4]
  .text               ro code  0x08001e7c    0x6c  localeconv.o [3]
  .text               ro code  0x08001ee8     0xe  div.o [3]
  .text               ro code  0x08001ef8    0x14  setlocale.o [3]
  .text               ro code  0x08001f0c    0x60  xencoding_sb.o [3]
  .text               ro code  0x08001f6c    0x2c  xgetmemchunk.o [3]
  .text               ro code  0x08001f98     0x2  I64DivZer.o [5]
  .text               ro code  0x08001f9c    0xd4  DblAdd.o [4]
  .text               ro code  0x08002070     0x2  xtls.o [3]
  .text               ro code  0x08002074   0x306  stm32f4xx_hal_uart.o [1]
  .text               ro code  0x0800237c    0x8c  usart.o [1]
  .text               ro code  0x08002408     0xc  stm32f4xx_hal.o [1]
  .text               ro code  0x08002414   0x1dc  stm32f4xx_hal_rcc.o [1]
  .text               ro code  0x080025f0   0x160  main.o [1]
  .text               ro code  0x08002750   0x200  stm32f4xx_hal_gpio.o [1]
  .text               ro code  0x08002950    0x28  stm32f4xx_hal.o [1]
  .text               ro code  0x08002978    0x34  stm32f4xx_hal.o [1]
  .text               ro code  0x080029ac   0x186  gpio.o [1]
  .text               ro code  0x08002b34    0x4c  rng.o [1]
  .text               ro code  0x08002b80    0x18  stm32f4xx_hal.o [1]
  .text               ro code  0x08002b98    0xaa  stm32f4xx_hal_rng.o [1]
  .text               ro code  0x08002c44    0x24  printf.o [3]
  .text               ro code  0x08002c68   0x298  stm32f4xx_hal_rcc.o [1]
  .text               ro code  0x08002f00    0x74  stm32f4xx_hal_pwr_ex.o [1]
  .text               ro code  0x08002f74    0xc6  stm32f4xx_hal_cortex.o [1]
  .text               ro code  0x0800303a    0x60  stm32f4xx_hal_msp.o [1]
  .text               ro code  0x0800309c    0x50  system_stm32f4xx.o [1]
  .text               ro code  0x080030ec    0x40  zero_init3.o [5]
  .text               ro code  0x0800312c    0x38  packbits_init_single.o [5]
  .text               ro code  0x08003164    0x28  data_init.o [5]
  .text               ro code  0x0800318c    0x22  fpinit_M.o [4]
  .iar.init_table     const    0x080031b0    0x20  - Linker created -
  .text               ro code  0x080031d0    0x1a  cmain.o [5]
  .text               ro code  0x080031ea     0x4  low_level_init.o [3]
  .text               ro code  0x080031ee     0x4  exit.o [3]
  .text               ro code  0x080031f4     0xa  cexit.o [5]
  .text               ro code  0x08003200    0x14  exit.o [6]
  .text               ro code  0x08003214    0x16  xprout.o [3]
  .text               ro code  0x0800322c     0xc  putchar.o [3]
  .text               ro code  0x08003238    0x10  startup_stm32f429xx.o [1]
  .text               ro code  0x08003248    0x10  stm32f4xx_hal.o [1]
  .text               ro code  0x08003258     0xe  stm32f4xx_it.o [1]
  .text               ro code  0x08003266     0xc  cstartup_M.o [5]
  .text               ro code  0x08003272     0x4  startup_stm32f429xx.o [1]
  .text               ro code  0x08003276     0x4  startup_stm32f429xx.o [1]
  .text               ro code  0x0800327a     0x4  startup_stm32f429xx.o [1]
  .text               ro code  0x0800327e     0x4  startup_stm32f429xx.o [1]
  .text               ro code  0x08003282     0x4  startup_stm32f429xx.o [1]
  .text               ro code  0x08003286     0x4  startup_stm32f429xx.o [1]
  .text               ro code  0x0800328a     0x4  startup_stm32f429xx.o [1]
  .text               ro code  0x0800328e     0x4  startup_stm32f429xx.o [1]
  .text               ro code  0x08003292     0x4  startup_stm32f429xx.o [1]
  .text               ro code  0x08003296     0x4  startup_stm32f429xx.o [1]
  .text               ro code  0x0800329a     0x4  startup_stm32f429xx.o [1]
  .text               ro code  0x0800329e     0x4  startup_stm32f429xx.o [1]
  .text               ro code  0x080032a2     0x4  startup_stm32f429xx.o [1]
  .text               ro code  0x080032a6     0x4  startup_stm32f429xx.o [1]
  .text               ro code  0x080032aa     0x4  startup_stm32f429xx.o [1]
  .text               ro code  0x080032ae     0x4  startup_stm32f429xx.o [1]
  .text               ro code  0x080032b2     0x4  startup_stm32f429xx.o [1]
  .text               ro code  0x080032b6     0x4  startup_stm32f429xx.o [1]
  .text               ro code  0x080032ba     0x4  startup_stm32f429xx.o [1]
  .text               ro code  0x080032be     0x4  startup_stm32f429xx.o [1]
  .text               ro code  0x080032c2     0x4  startup_stm32f429xx.o [1]
  .text               ro code  0x080032c6     0x4  startup_stm32f429xx.o [1]
  .text               ro code  0x080032ca     0x4  startup_stm32f429xx.o [1]
  .text               ro code  0x080032ce     0x4  startup_stm32f429xx.o [1]
  .text               ro code  0x080032d2     0x4  startup_stm32f429xx.o [1]
  .text               ro code  0x080032d6     0x4  startup_stm32f429xx.o [1]
  .text               ro code  0x080032da     0x4  startup_stm32f429xx.o [1]
  .text               ro code  0x080032de     0x4  startup_stm32f429xx.o [1]
  .text               ro code  0x080032e2     0x4  startup_stm32f429xx.o [1]
  .text               ro code  0x080032e6     0x4  startup_stm32f429xx.o [1]
  .text               ro code  0x080032ea     0x4  startup_stm32f429xx.o [1]
  .text               ro code  0x080032ee     0x4  startup_stm32f429xx.o [1]
  .text               ro code  0x080032f2     0x4  startup_stm32f429xx.o [1]
  .text               ro code  0x080032f6     0x4  startup_stm32f429xx.o [1]
  .text               ro code  0x080032fa     0x4  startup_stm32f429xx.o [1]
  .text               ro code  0x080032fe     0x4  startup_stm32f429xx.o [1]
  .text               ro code  0x08003302     0x4  startup_stm32f429xx.o [1]
  .text               ro code  0x08003306     0x4  startup_stm32f429xx.o [1]
  .text               ro code  0x0800330a     0x4  startup_stm32f429xx.o [1]
  .text               ro code  0x0800330e     0x4  startup_stm32f429xx.o [1]
  .text               ro code  0x08003312     0x4  startup_stm32f429xx.o [1]
  .text               ro code  0x08003316     0x4  startup_stm32f429xx.o [1]
  .text               ro code  0x0800331a     0x4  startup_stm32f429xx.o [1]
  .text               ro code  0x0800331e     0x4  startup_stm32f429xx.o [1]
  .text               ro code  0x08003322     0x4  startup_stm32f429xx.o [1]
  .text               ro code  0x08003326     0x4  startup_stm32f429xx.o [1]
  .text               ro code  0x0800332a     0x4  startup_stm32f429xx.o [1]
  .text               ro code  0x0800332e     0x4  startup_stm32f429xx.o [1]
  .text               ro code  0x08003332     0x4  startup_stm32f429xx.o [1]
  .text               ro code  0x08003336     0x4  startup_stm32f429xx.o [1]
  .text               ro code  0x0800333a     0x4  startup_stm32f429xx.o [1]
  .text               ro code  0x0800333e     0x4  startup_stm32f429xx.o [1]
  .text               ro code  0x08003342     0x4  startup_stm32f429xx.o [1]
  .text               ro code  0x08003346     0x4  startup_stm32f429xx.o [1]
  .text               ro code  0x0800334a     0x4  startup_stm32f429xx.o [1]
  .text               ro code  0x0800334e     0x4  startup_stm32f429xx.o [1]
  .text               ro code  0x08003352     0x4  startup_stm32f429xx.o [1]
  .text               ro code  0x08003356     0x4  startup_stm32f429xx.o [1]
  .text               ro code  0x0800335a     0x4  startup_stm32f429xx.o [1]
  .text               ro code  0x0800335e     0x4  startup_stm32f429xx.o [1]
  .text               ro code  0x08003362     0x4  startup_stm32f429xx.o [1]
  .text               ro code  0x08003366     0x4  startup_stm32f429xx.o [1]
  .text               ro code  0x0800336a     0x4  startup_stm32f429xx.o [1]
  .text               ro code  0x0800336e     0x4  startup_stm32f429xx.o [1]
  .text               ro code  0x08003372     0x4  startup_stm32f429xx.o [1]
  .text               ro code  0x08003376     0x4  startup_stm32f429xx.o [1]
  .text               ro code  0x0800337a     0x4  startup_stm32f429xx.o [1]
  .text               ro code  0x0800337e     0x4  startup_stm32f429xx.o [1]
  .text               ro code  0x08003382     0x4  startup_stm32f429xx.o [1]
  .text               ro code  0x08003386     0x4  startup_stm32f429xx.o [1]
  .text               ro code  0x0800338a     0x4  startup_stm32f429xx.o [1]
  .text               ro code  0x0800338e     0x4  startup_stm32f429xx.o [1]
  .text               ro code  0x08003392     0x4  startup_stm32f429xx.o [1]
  .text               ro code  0x08003396     0x4  startup_stm32f429xx.o [1]
  .text               ro code  0x0800339a     0x4  startup_stm32f429xx.o [1]
  .text               ro code  0x0800339e     0x4  startup_stm32f429xx.o [1]
  .text               ro code  0x080033a2     0x4  startup_stm32f429xx.o [1]
  .text               ro code  0x080033a6     0x4  startup_stm32f429xx.o [1]
  .text               ro code  0x080033aa     0x4  startup_stm32f429xx.o [1]
  .text               ro code  0x080033ae     0x4  startup_stm32f429xx.o [1]
  .text               ro code  0x080033b2     0x4  startup_stm32f429xx.o [1]
  .text               ro code  0x080033b6     0x4  startup_stm32f429xx.o [1]
  .text               ro code  0x080033ba     0x4  startup_stm32f429xx.o [1]
  .text               ro code  0x080033be     0x4  startup_stm32f429xx.o [1]
  .text               ro code  0x080033c2     0x4  startup_stm32f429xx.o [1]
  .text               ro code  0x080033c6     0x4  startup_stm32f429xx.o [1]
  .text               ro code  0x080033ca     0x4  startup_stm32f429xx.o [1]
  .text               ro code  0x080033ce     0x4  startup_stm32f429xx.o [1]
  .text               ro code  0x080033d2     0x4  startup_stm32f429xx.o [1]
  .text               ro code  0x080033d6     0x4  startup_stm32f429xx.o [1]
  .text               ro code  0x080033da     0x4  startup_stm32f429xx.o [1]
  .text               ro code  0x080033de     0x4  startup_stm32f429xx.o [1]
  .text               ro code  0x080033e2     0x4  startup_stm32f429xx.o [1]
  .text               ro code  0x080033e6     0x4  startup_stm32f429xx.o [1]
  .text               ro code  0x080033ea     0x4  startup_stm32f429xx.o [1]
  .text               ro code  0x080033ee     0x4  startup_stm32f429xx.o [1]
  .text               ro code  0x080033f2     0x4  startup_stm32f429xx.o [1]
  .text               ro code  0x080033f6     0x4  startup_stm32f429xx.o [1]
  .rodata             const    0x080033fa     0x0  zero_init3.o [5]
  .rodata             const    0x080033fa     0x0  packbits_init_single.o [5]
  Initializer bytes   const    0x080033fa    0x31  <for P2-1>
                             - 0x0800342b  0x327f

"P2", part 1 of 3:                          0x140
  P2-1                         0x20000000   0x140  <Init block>
    .data             inited   0x20000000     0x4  system_stm32f4xx.o [1]
    .data             inited   0x20000004    0x40  xfiles.o [3]
    __DLIB_PERTHREAD  inited   0x20000044    0x88  localeconv.o [3]
    __DLIB_PERTHREAD  inited   0x200000cc    0x74  setlocale.o [3]
                             - 0x20000140   0x140

"P2", part 2 of 3:                          0x600
  CSTACK                       0x20000140   0x400  <Block>
    CSTACK            uninit   0x20000140   0x400  <Block tail>
  HEAP                         0x20000540   0x200  <Block>
    HEAP              uninit   0x20000540   0x200  <Block tail>
                             - 0x20000740   0x600

"P2", part 3 of 3:                           0xb0
  .bss                zero     0x20000740    0x50  xfiles.o [3]
  .bss                zero     0x20000790    0x40  usart.o [1]
  .bss                zero     0x200007d0     0xc  rng.o [1]
  .bss                zero     0x200007dc     0x8  xxmemxmalloc.o [3]
  .bss                zero     0x200007e4     0x4  main.o [1]
  .bss                zero     0x200007e8     0x4  stm32f4xx_hal.o [1]
  .bss                zero     0x200007ec     0x4  xgetmemchunk.o [3]
                             - 0x200007f0    0xb0


*******************************************************************************
*** INIT TABLE
***

          Address     Size
          -------     ----
Zero (__iar_zero_init3)
    1 destination range, total size 0xb0:
          0x20000740   0xb0

Copy/packbits (__iar_packbits_init_single3)
    1 source range, total size 0x31 (15% of destination):
          0x080033fa   0x31
    1 destination range, total size 0x140:
          0x20000000  0x140



*******************************************************************************
*** MODULE SUMMARY
***

    Module                  ro code  ro data  rw data
    ------                  -------  -------  -------
C:\Projetos\FIT\fit_rng\EWARM\fit_rng\Obj: [1]
    gpio.o                      390
    main.o                      352                 4
    rng.o                        76                12
    startup_stm32f429xx.o       836
    stm32f4xx_hal.o             144                 4
    stm32f4xx_hal_cortex.o      198
    stm32f4xx_hal_gpio.o        512
    stm32f4xx_hal_msp.o          96
    stm32f4xx_hal_pwr_ex.o      116
    stm32f4xx_hal_rcc.o       1 140
    stm32f4xx_hal_rng.o         170
    stm32f4xx_hal_uart.o        774
    stm32f4xx_it.o               14
    system_stm32f4xx.o           80                 4
    usart.o                     140                64
    -------------------------------------------------
    Total:                    5 038                88

command line: [2]
    -------------------------------------------------
    Total:

dl7M_tlf.a: [3]
    div.o                        14
    exit.o                        4
    localeconv.o                108       21      136
    low_level_init.o              4
    printf.o                     36
    putchar.o                    12
    setlocale.o                  20       18      116
    xencoding_sb.o               96
    xfiles.o                              10      144
    xgetmemchunk.o               44                 4
    xmbcurmax.o                  10
    xmbtowc.o                    32
    xprintffull.o             4 490
    xprout.o                     22
    xtls.o                        2
    xwctomb.o                    26
    xxmemxfree.o                128
    xxmemxmalloc.o              176                 8
    -------------------------------------------------
    Total:                    5 224       49      408

m7M_tls.a: [4]
    DblAdd.o                    212
    DblCmpGe.o                   46
    DblCmpLe.o                   46
    DblDiv.o                    598
    DblMul.o                    418
    DblSub.o                    384
    DblToI32.o                   88
    I32ToDbl.o                   48
    fpinit_M.o                   34
    xdnorm.o                     68
    xdscale.o                   276
    -------------------------------------------------
    Total:                    2 218

rt7M_tl.a: [5]
    ABImemcpy_unaligned.o       118
    I64DivMod.o                 238
    I64DivZer.o                   2
    cexit.o                      10
    cmain.o                      26
    cstartup_M.o                 12
    data_init.o                  40
    memchr.o                     88
    packbits_init_single.o       56
    strchr.o                     22
    strlen.o                     54
    zero_init3.o                 64
    -------------------------------------------------
    Total:                      730

shb_l.a: [6]
    exit.o                       20
    -------------------------------------------------
    Total:                       20

    Gaps                         42        2
    Linker created                        32    1 536
-----------------------------------------------------
    Grand Total:             13 272       83    2 032


*******************************************************************************
*** ENTRY LIST
***

Entry                      Address   Size  Type      Object
-----                      -------   ----  ----      ------
.iar.init_table$$Base   0x080031b0          --   Gb  - Linker created -
.iar.init_table$$Limit  0x080031d0          --   Gb  - Linker created -
?main                   0x080031d1         Code  Gb  cmain.o [5]
APBAHBPrescTable        0x0800258c   0x10  Data  Gb  stm32f4xx_hal_rcc.o [1]
CSTACK$$Base            0x20000140          --   Gb  - Linker created -
CSTACK$$Limit           0x20000540          --   Gb  - Linker created -
Error_Handler           0x08002745    0x2  Code  Gb  main.o [1]
HAL_Delay               0x08002b81   0x18  Code  Wk  stm32f4xx_hal.o [1]
HAL_GPIO_Init           0x08002751  0x1b8  Code  Gb  stm32f4xx_hal_gpio.o [1]
HAL_GPIO_ReadPin        0x08002909    0xc  Code  Gb  stm32f4xx_hal_gpio.o [1]
HAL_GPIO_WritePin       0x08002915    0x8  Code  Gb  stm32f4xx_hal_gpio.o [1]
HAL_GetTick             0x08002409    0xc  Code  Wk  stm32f4xx_hal.o [1]
HAL_IncTick             0x08003249   0x10  Code  Wk  stm32f4xx_hal.o [1]
HAL_Init                0x08002979   0x30  Code  Gb  stm32f4xx_hal.o [1]
HAL_InitTick            0x08002951   0x28  Code  Wk  stm32f4xx_hal.o [1]
HAL_MspInit             0x0800303b   0x60  Code  Gb  stm32f4xx_hal_msp.o [1]
HAL_NVIC_SetPriority    0x08002fa9   0x3a  Code  Gb  stm32f4xx_hal_cortex.o [1]
HAL_NVIC_SetPriorityGrouping
                        0x08002f8f   0x1a  Code  Gb  stm32f4xx_hal_cortex.o [1]
HAL_PWREx_EnableOverDrive
                        0x08002f01   0x44  Code  Gb  stm32f4xx_hal_pwr_ex.o [1]
HAL_RCC_ClockConfig     0x08002415  0x12c  Code  Gb  stm32f4xx_hal_rcc.o [1]
HAL_RCC_GetHCLKFreq     0x0800254f    0x6  Code  Gb  stm32f4xx_hal_rcc.o [1]
HAL_RCC_GetPCLK1Freq    0x08002555   0x12  Code  Gb  stm32f4xx_hal_rcc.o [1]
HAL_RCC_GetPCLK2Freq    0x08002567   0x10  Code  Gb  stm32f4xx_hal_rcc.o [1]
HAL_RCC_GetSysClockFreq
                        0x0800259d   0x54  Code  Wk  stm32f4xx_hal_rcc.o [1]
HAL_RCC_OscConfig       0x08002c69  0x298  Code  Wk  stm32f4xx_hal_rcc.o [1]
HAL_RNG_GenerateRandomNumber
                        0x08002bd5   0x58  Code  Gb  stm32f4xx_hal_rng.o [1]
HAL_RNG_GetRandomNumber
                        0x08002c2d   0x16  Code  Gb  stm32f4xx_hal_rng.o [1]
HAL_RNG_Init            0x08002b99   0x3c  Code  Gb  stm32f4xx_hal_rng.o [1]
HAL_RNG_MspInit         0x08002b4f   0x26  Code  Gb  rng.o [1]
HAL_SYSTICK_CLKSourceConfig
                        0x0800300b   0x14  Code  Gb  stm32f4xx_hal_cortex.o [1]
HAL_SYSTICK_Callback    0x08003039    0x2  Code  Wk  stm32f4xx_hal_cortex.o [1]
HAL_SYSTICK_Config      0x08002fe3   0x28  Code  Gb  stm32f4xx_hal_cortex.o [1]
HAL_SYSTICK_IRQHandler  0x08003035    0x4  Code  Gb  stm32f4xx_hal_cortex.o [1]
HAL_UART_Init           0x08002075   0x28  Code  Gb  stm32f4xx_hal_uart.o [1]
HAL_UART_MspInit        0x080023af   0x48  Code  Gb  usart.o [1]
HAL_UART_Transmit       0x080020e3   0xa0  Code  Gb  stm32f4xx_hal_uart.o [1]
HEAP$$Base              0x20000540          --   Gb  - Linker created -
HEAP$$Limit             0x20000740          --   Gb  - Linker created -
LoadInt                 0x08000813   0x6e  Code  Lc  xprintffull.o [3]
MX_GPIO_Init            0x080029ad  0x134  Code  Gb  gpio.o [1]
MX_RNG_Init             0x08002b35   0x1a  Code  Gb  rng.o [1]
MX_USART3_UART_Init     0x0800237d   0x32  Code  Gb  usart.o [1]
NVIC_SetPriority        0x08002f75   0x1a  Code  Lc  stm32f4xx_hal_cortex.o [1]
Region$$Table$$Base     0x080031b0          --   Gb  - Linker created -
Region$$Table$$Limit    0x080031d0          --   Gb  - Linker created -
SysTick_Handler         0x08003259    0xe  Code  Gb  stm32f4xx_it.o [1]
SystemClock_Config      0x08002663   0xb4  Code  Gb  main.o [1]
SystemCoreClock         0x20000000    0x4  Data  Gb  system_stm32f4xx.o [1]
SystemInit              0x0800309d   0x3a  Code  Gb  system_stm32f4xx.o [1]
UART_SetConfig          0x080021fd  0x13a  Code  Lc  stm32f4xx_hal_uart.o [1]
UART_WaitOnFlagUntilTimeout
                        0x080021a7   0x56  Code  Lc  stm32f4xx_hal_uart.o [1]
_EncodingSb_Mbtowc      0x08001f27   0x30  Code  Gb  xencoding_sb.o [3]
_EncodingSb_Mbtowc::initial
                        0x08001f64    0x8  Data  Lc  xencoding_sb.o [3]
_EncodingSb_Wctomb      0x08001f0d   0x1a  Code  Gb  xencoding_sb.o [3]
_EncodingSb_Wctomb::initial
                        0x08001f5c    0x8  Data  Lc  xencoding_sb.o [3]
_GenldFull              0x08001099  0x254  Code  Lc  xprintffull.o [3]
_IsdstStr               0x200000d0    0x4  Data  Gb  setlocale.o [3]
_LdtobFull              0x08000c99  0x3fa  Code  Lc  xprintffull.o [3]
_LitobFull              0x08000b8d  0x10a  Code  Lc  xprintffull.o [3]
_LocaleEncoding         0x08001ef9    0xe  Code  Gb  setlocale.o [3]
_LocaleReturnString     0x200000f0   0x50  Data  Lc  setlocale.o [3]
_Locale_Profile         0x200000d4   0x1c  Data  Gb  setlocale.o [3]
_Locale_aeabi_lconv     0x20000094   0x38  Data  Gb  localeconv.o [3]
_Locale_lconv           0x20000044   0x50  Data  Gb  localeconv.o [3]
_Mbtowc                 0x08001337   0x20  Code  Gb  xmbtowc.o [3]
_PrintfFull             0x080001ad  0x650  Code  Gb  xprintffull.o [3]
_Prout                  0x08003215   0x16  Code  Gb  xprout.o [3]
_PutcharsFull           0x080012ed   0x2e  Code  Lc  xprintffull.o [3]
_PutstrFull             0x08000881  0x306  Code  Lc  xprintffull.o [3]
_TzoneStr               0x200000cc    0x4  Data  Gb  setlocale.o [3]
_Wctomb                 0x080014bd   0x1a  Code  Gb  xwctomb.o [3]
__aeabi_cdcmple         0x08001705         Code  Gb  DblCmpLe.o [4]
__aeabi_cdrcmple        0x08001735         Code  Gb  DblCmpGe.o [4]
__aeabi_d2iz            0x08001879         Code  Gb  DblToI32.o [4]
__aeabi_d2uiz           0x080018a5         Code  Gb  DblToI32.o [4]
__aeabi_ddiv            0x08001c25         Code  Gb  DblDiv.o [4]
__aeabi_dmul            0x08001a81         Code  Gb  DblMul.o [4]
__aeabi_dsub            0x08001901         Code  Gb  DblSub.o [4]
__aeabi_i2d             0x080018d1         Code  Gb  I32ToDbl.o [4]
__aeabi_ldiv0           0x08001f99         Code  Gb  I64DivZer.o [5]
__aeabi_ui2d            0x080018e5         Code  Gb  I32ToDbl.o [4]
__aeabi_uldivmod        0x080015d1         Code  Gb  I64DivMod.o [5]
__cmain                 0x080031d1         Code  Gb  cmain.o [5]
__data_Aldata           0x200007dc    0x8  Data  Gb  xxmemxmalloc.o [3]
__data_GetMemChunk      0x08001f6d   0x2c  Code  Gb  xgetmemchunk.o [3]
__data_GetMemChunk::start
                        0x200007ec    0x4  Data  Lc  xgetmemchunk.o [3]
__exit                  0x08003201   0x14  Code  Gb  exit.o [6]
__iar_Dnorm             0x080016bf   0x44  Code  Gb  xdnorm.o [4]
__iar_Dscale            0x08001765  0x114  Code  Gb  xdscale.o [4]
__iar_Locale_lconv_init
                        0x08001e7d   0x3a  Code  Gb  localeconv.o [3]
__iar_Mbcurmax          0x08001401    0xa  Code  Gb  xmbcurmax.o [3]
__iar_Memchr            0x080013a9         Code  Gb  memchr.o [5]
__iar_Stdout            0x20000004   0x40  Data  Gb  xfiles.o [3]
__iar_Strchr            0x08001359         Code  Gb  strchr.o [5]
__iar_d2uiz             0x080018b1         Code  Gb  DblToI32.o [4]
__iar_dadd              0x08001f9d         Code  Gb  DblAdd.o [4]
__iar_data_init3        0x08003165   0x28  Code  Gb  data_init.o [5]
__iar_dlib_perthread_access
                        0x08002071    0x2  Code  Gb  xtls.o [3]
__iar_dsub              0x08001915         Code  Gb  DblSub.o [4]
__iar_dsubStart         0x08001927         Code  Gb  DblSub.o [4]
__iar_init_vfp          0x0800318d         Code  Gb  fpinit_M.o [4]
__iar_packbits_init_single3
                        0x0800312d   0x38  Code  Gb  packbits_init_single.o [5]
__iar_program_start     0x08003267         Code  Gb  cstartup_M.o [5]
__iar_ui2d              0x080018e9         Code  Gb  I32ToDbl.o [4]
__iar_unaligned___aeabi_memcpy
                        0x080014d9         Code  Gb  ABImemcpy_unaligned.o [5]
__iar_unaligned___aeabi_memcpy4
                        0x080014f9         Code  Gb  ABImemcpy_unaligned.o [5]
__iar_unaligned___aeabi_memcpy8
                        0x080014f9         Code  Gb  ABImemcpy_unaligned.o [5]
__iar_zero_init3        0x080030ed   0x40  Code  Gb  zero_init3.o [5]
__low_level_init        0x080031eb    0x4  Code  Gb  low_level_init.o [3]
__vector_table          0x08000000         Data  Gb  startup_stm32f429xx.o [1]
_call_main              0x080031dd         Code  Gb  cmain.o [5]
_exit                   0x080031f5         Code  Gb  cexit.o [5]
_main                   0x080031e7         Code  Gb  cmain.o [5]
aRandom32bit            0x200007e4    0x4  Data  Gb  main.o [1]
div                     0x08001ee9    0xe  Code  Gb  div.o [3]
exit                    0x080031ef    0x4  Code  Gb  exit.o [3]
fputc                   0x08002717   0x14  Code  Gb  main.o [1]
free                    0x08001551   0x7a  Code  Gb  xxmemxfree.o [3]
hrng                    0x200007d0    0xc  Data  Gb  rng.o [1]
huart3                  0x20000790   0x40  Data  Gb  usart.o [1]
localeconv              0x08001eb7   0x16  Code  Gb  localeconv.o [3]
main                    0x080025f1   0x68  Code  Gb  main.o [1]
malloc                  0x0800140d   0xac  Code  Gb  xxmemxmalloc.o [3]
memchr                  0x080013a9         Code  Gb  memchr.o [5]
obuf                    0x20000740   0x50  Data  Lc  xfiles.o [3]
printf                  0x08002c45   0x24  Code  Gb  printf.o [3]
putchar                 0x0800322d    0xc  Code  Gb  putchar.o [3]
strchr                  0x08001359         Code  Gb  strchr.o [5]
strlen                  0x08001371         Code  Gb  strlen.o [5]
uwTick                  0x200007e8    0x4  Data  Gb  stm32f4xx_hal.o [1]


[1] = C:\Projetos\FIT\fit_rng\EWARM\fit_rng\Obj
[2] = command line
[3] = dl7M_tlf.a
[4] = m7M_tls.a
[5] = rt7M_tl.a
[6] = shb_l.a

  13 272 bytes of readonly  code memory
      83 bytes of readonly  data memory
   2 032 bytes of readwrite data memory

Errors: none
Warnings: none
